HELLO WORLD[0m                                  [0m[1mmock header[0m[0m
 I'M ASCII[0m                                   -----------
[0m                                             foo
[0m                                             bar
