1234567890[0m                                   [0m[1mplugin header[0m[0m
ABCDEFGHIJ[0m                                   -------------
!@#$^&*()_[0m                                   
QWERTYUIOP[0m                                   
