            .ooOOOOOOOoo.            [0m        [1mghost/boo[0m @ [1mGitHub[0m
        .oOOOOOOOOOOOOOOOOOo.        [0m        ------------------
     .oOOOOOOOOOOOOOOOOOOOOOOo.      [0m        üåê[1mHTTP(S)[0m: https://github.com/ghost/boo.git
   .oOOOOOOOOOOOOOOOOOOOOOOOOOOOo    [0m        üîë[1mSSH[0m: git@github.com:ghost/boo.git
  .OOOOO     OO-------OO     OOOOo   [0m        ‚≠ê[1mstargazers[0m: 1
 oOOOOOO                     OOOOOo  [0m        üëÄ[1msubscribers[0m: 2
.OOOOOOO                     OOOOOOo [0m        üî±[1mforks[0m: 3
oOOOOOO                       OOOOOOo[0m        üê£[1mcreated[0m: about 1 year ago
OOOOOOo                       oOOOOOO[0m        üì§[1mupdated[0m: about 1 year ago
OOOOOO.                       .OOOOOO[0m        üíΩ[1msize[0m: 1000.00 KB
OOOOOOO                       OOOOOOO[0m        ‚ùó[1missues[0m: 10
.OOOOOOo                     oOOOOOO.[0m        üîÄ[1mpull requests[0m: 20
 OOOOOOOo.                 .OOOOOOO. [0m        
  oOOO|\OOOoo./       \.ooOOOOOOOOo  [0m        
   .OOO  \\OO/         \OOOOOOOOO.   [0m        
     OO.               OOOOOOOOO     [0m        
       OOOOOOO         OOOOOOO       [0m        
           OOO         OOO           [0m        
                                     [0m        
                                     [0m        
